{
    "data": {
        "createAuthor": {
            "id": "11",
            "name": "Test Testsson"
        }
    }
}
