{
    "data": {
        "authors": {
            "total": 10,
            "count": 10,
            "nodes": [
                {
                    "id": "1",
                    "name": "Ciaran Holt"
                },
                {
                    "id": "2",
                    "name": "Xenos Burks"
                },
                {
                    "id": "3",
                    "name": "Kaseem Flores"
                },
                {
                    "id": "4",
                    "name": "Yasir Lee"
                },
                {
                    "id": "5",
                    "name": "Rogan Morgan"
                },
                {
                    "id": "6",
                    "name": "Dalton Workman"
                },
                {
                    "id": "7",
                    "name": "Clark Kelley"
                },
                {
                    "id": "8",
                    "name": "Rooney Bond"
                },
                {
                    "id": "9",
                    "name": "Kuame Scott"
                },
                {
                    "id": "10",
                    "name": "Alec Larsen"
                }
            ]
        }
    }
}
