{
    "data": {
        "comment": {
            "title": "It works!",
            "content": "The author is spot on!",
            "date": "2019-01-24"
        }
    }
}
