{
    "data": {
        "createComment": {
            "id": "3",
            "title": "test title"
        }
    }
}
