{
    "data": {
        "createPost": {
            "id": "11",
            "title": "test title"
        }
    }
}
