{
    "data": {
        "post": {
            "id": "1",
            "title": "How I Improved My GraphQL In One Easy Lesson",
            "content": "aut rerum at omnis voluptates error magnam ex dolore iure repudiandae blanditiis rerum molestiae eos",
            "date": "2019-01-24"
        }
    }
}
